// Jest Snapshot v1, https://goo.gl/fbAQLP

exports[`GlobalStyles should load global styles 1`] = `
<head>
  <style
    data-styled="active"
    data-styled-version="5.2.1"
  >
    html,body,#root{width:100%;height:100%;margin:0;padding:0;overflow:hidden;}
    body{color:#fff;font-family:-apple-system,BlinkMacSystemFont,'Segoe UI','Roboto','Oxygen','Ubuntu','Cantarell','Fira Sans','Droid Sans','Helvetica Neue',sans-serif;-webkit-font-smoothing:antialiased;-moz-osx-font-smoothing:grayscale;}
    code{font-family:source-code-pro,Menlo,Monaco,Consolas,'Courier New',monospace;}
    .app{width:100%;height:100%;display:-webkit-box;display:-webkit-flex;display:-ms-flexbox;display:flex;-webkit-flex-direction:column;-ms-flex-direction:column;flex-direction:column;-webkit-box-pack:center;-webkit-justify-content:center;-ms-flex-pack:center;justify-content:center;-webkit-align-items:center;-webkit-box-align:center;-ms-flex-align:center;align-items:center;background-color:#000;}
  </style>
</head>
`;
